\BOOKMARK [0][-]{chapter.1}{\376\377\000L\000A\000N\000D\000A\000S\000A\000N\000\040\000T\000E\000O\000R\000I}{}% 1
\BOOKMARK [1][-]{section.1.1}{\376\377\000P\000e\000r\000a\000n\000c\000a\000n\000g\000a\000n\000\040\000S\000i\000s\000t\000e\000m}{chapter.1}% 2
\BOOKMARK [1][-]{section.1.2}{\376\377\000V\000a\000l\000i\000d\000a\000s\000i\000\040\000S\000i\000s\000t\000e\000m}{chapter.1}% 3
\BOOKMARK [1][-]{section.1.3}{\376\377\000D\000e\000s\000i\000g\000n\000\040\000S\000c\000i\000e\000n\000c\000e\000\040\000R\000e\000s\000e\000a\000r\000c\000h\000\040\000\050\000D\000S\000R\000\051}{chapter.1}% 4
\BOOKMARK [1][-]{section.1.4}{\376\377\000S\000i\000s\000t\000e\000m\000\040\000A\000d\000a\000p\000t\000i\000f}{chapter.1}% 5
\BOOKMARK [1][-]{section.1.5}{\376\377\000P\000e\000r\000s\000o\000n\000a\000l\000i\000s\000a\000s\000i}{chapter.1}% 6
\BOOKMARK [1][-]{section.1.6}{\376\377\000A\000r\000t\000i\000f\000i\000c\000i\000a\000l\000\040\000I\000n\000t\000e\000l\000l\000i\000g\000e\000n\000c\000e\000\040\000\050\000A\000I\000\051}{chapter.1}% 7
\BOOKMARK [1][-]{section.1.7}{\376\377\000L\000a\000r\000g\000e\000\040\000L\000a\000n\000g\000u\000a\000g\000e\000\040\000M\000o\000d\000e\000l\000s\000\040\000\050\000L\000L\000M\000\051}{chapter.1}% 8
\BOOKMARK [2][-]{subsection.1.7.1}{\376\377\000L\000o\000c\000a\000l\000\040\000L\000L\000M\000\040\000d\000a\000n\000\040\000P\000l\000a\000t\000f\000o\000r\000m\000\040\000O\000l\000l\000a\000m\000a}{section.1.7}% 9
\BOOKMARK [1][-]{section.1.8}{\376\377\000R\000e\000t\000r\000i\000e\000v\000a\000l\000-\000A\000u\000g\000m\000e\000n\000t\000e\000d\000\040\000G\000e\000n\000e\000r\000a\000t\000i\000o\000n\000\040\000\050\000R\000A\000G\000\051}{chapter.1}% 10
\BOOKMARK [1][-]{section.1.9}{\376\377\000H\000y\000b\000r\000i\000d\000\040\000S\000e\000a\000r\000c\000h\000\040\000d\000a\000n\000\040\000R\000e\000c\000i\000p\000r\000o\000c\000a\000l\000\040\000R\000a\000n\000k\000\040\000F\000u\000s\000i\000o\000n\000\040\000\050\000R\000R\000F\000\051}{chapter.1}% 11
\BOOKMARK [2][-]{subsection.1.9.1}{\376\377\000K\000o\000n\000s\000e\000p\000\040\000H\000y\000b\000r\000i\000d\000\040\000S\000e\000a\000r\000c\000h}{section.1.9}% 12
\BOOKMARK [2][-]{subsection.1.9.2}{\376\377\000R\000e\000c\000i\000p\000r\000o\000c\000a\000l\000\040\000R\000a\000n\000k\000\040\000F\000u\000s\000i\000o\000n\000\040\000\050\000R\000R\000F\000\051}{section.1.9}% 13
\BOOKMARK [1][-]{section.1.10}{\376\377\000S\000e\000r\000v\000e\000r\000-\000S\000e\000n\000t\000\040\000E\000v\000e\000n\000t\000s\000\040\000\050\000S\000S\000E\000\051}{chapter.1}% 14
\BOOKMARK [1][-]{section.1.11}{\376\377\000M\000o\000d\000e\000l\000\040\000E\000m\000b\000e\000d\000d\000i\000n\000g\000\040\000d\000a\000n\000\040\000R\000e\000p\000r\000e\000s\000e\000n\000t\000a\000s\000i\000\040\000V\000e\000k\000t\000o\000r}{chapter.1}% 15
\BOOKMARK [1][-]{section.1.12}{\376\377\000M\000e\000t\000o\000d\000e\000\040\000P\000r\000o\000t\000o\000t\000y\000p\000e}{chapter.1}% 16
\BOOKMARK [1][-]{section.1.13}{\376\377\000B\000l\000a\000c\000k\000\040\000B\000o\000x\000\040\000T\000e\000s\000t\000i\000n\000g}{chapter.1}% 17
\BOOKMARK [1][-]{section.1.14}{\376\377\000B\000a\000s\000i\000s\000\040\000D\000a\000t\000a}{chapter.1}% 18
\BOOKMARK [2][-]{subsection.1.14.1}{\376\377\000B\000a\000s\000i\000s\000\040\000D\000a\000t\000a\000\040\000R\000e\000l\000a\000s\000i\000o\000n\000a\000l}{section.1.14}% 19
\BOOKMARK [2][-]{subsection.1.14.2}{\376\377\000B\000a\000s\000i\000s\000\040\000D\000a\000t\000a\000\040\000V\000e\000k\000t\000o\000r\000\040\000d\000a\000n\000\040\000p\000g\000v\000e\000c\000t\000o\000r}{section.1.14}% 20
\BOOKMARK [1][-]{section.1.15}{\376\377\000F\000r\000a\000m\000e\000w\000o\000r\000k\000\040\000d\000a\000n\000\040\000L\000i\000b\000r\000a\000r\000y\000\040\000M\000o\000d\000e\000r\000n}{chapter.1}% 21
\BOOKMARK [2][-]{subsection.1.15.1}{\376\377\000F\000a\000s\000t\000A\000P\000I\000\040\000d\000a\000n\000\040\000M\000o\000d\000e\000l\000\040\000A\000s\000i\000n\000k\000r\000o\000n}{section.1.15}% 22
\BOOKMARK [2][-]{subsection.1.15.2}{\376\377\000N\000e\000x\000t\000.\000j\000s\000\040\000d\000a\000n\000\040\000R\000e\000a\000c\000t}{section.1.15}% 23
\BOOKMARK [2][-]{subsection.1.15.3}{\376\377\000A\000u\000t\000h\000e\000n\000t\000i\000c\000a\000t\000i\000o\000n\000-\000a\000s\000-\000a\000-\000S\000e\000r\000v\000i\000c\000e}{section.1.15}% 24
\BOOKMARK [1][-]{section.1.16}{\376\377\000W\000e\000b\000\040\000C\000r\000a\000w\000l\000i\000n\000g\000\040\000d\000a\000n\000\040\000W\000e\000b\000\040\000S\000c\000r\000a\000p\000i\000n\000g}{chapter.1}% 25
\BOOKMARK [1][-]{section.1.17}{\376\377\000S\000k\000a\000l\000a\000\040\000L\000i\000k\000e\000r\000t}{chapter.1}% 26
\BOOKMARK [1][-]{section.1.18}{\376\377\000B\000i\000m\000b\000i\000n\000g\000a\000n\000\040\000K\000a\000r\000i\000r}{chapter.1}% 27
\BOOKMARK [1][-]{section.1.19}{\376\377\000S\000o\000c\000i\000a\000l\000\040\000C\000o\000g\000n\000i\000t\000i\000v\000e\000\040\000C\000a\000r\000e\000e\000r\000\040\000T\000h\000e\000o\000r\000y\000\040\000\050\000S\000C\000C\000T\000\051}{chapter.1}% 28
\BOOKMARK [1][-]{section.1.20}{\376\377\000P\000a\000r\000a\000d\000i\000g\000m\000a\000\040\000L\000i\000f\000e\000\040\000D\000e\000s\000i\000g\000n}{chapter.1}% 29
\BOOKMARK [1][-]{section.1.21}{\376\377\000P\000e\000n\000e\000l\000i\000t\000i\000a\000n\000\040\000S\000e\000b\000e\000l\000u\000m\000n\000y\000a}{chapter.1}% 30
\BOOKMARK [1][-]{section.1.22}{\376\377\000P\000o\000s\000i\000s\000i\000\040\000P\000e\000n\000e\000l\000i\000t\000i\000a\000n\000\040\000S\000e\000k\000a\000r\000a\000n\000g}{chapter.1}% 31
\BOOKMARK [0][-]{chapter.2}{\376\377\000O\000B\000J\000E\000K\000\040\000D\000A\000N\000\040\000M\000E\000T\000O\000D\000O\000L\000O\000G\000I\000\040\000P\000E\000N\000E\000L\000I\000T\000I\000A\000N}{}% 32
\BOOKMARK [1][-]{section.2.1}{\376\377\000O\000b\000j\000e\000k\000\040\000P\000e\000n\000e\000l\000i\000t\000i\000a\000n}{chapter.2}% 33
\BOOKMARK [1][-]{section.2.2}{\376\377\000M\000e\000t\000o\000d\000o\000l\000o\000g\000i\000\040\000P\000e\000n\000e\000l\000i\000t\000i\000a\000n}{chapter.2}% 34
\BOOKMARK [1][-]{section.2.3}{\376\377\000J\000e\000n\000i\000s\000\040\000A\000r\000t\000e\000f\000a\000k\000\040\000P\000e\000n\000e\000l\000i\000t\000i\000a\000n}{chapter.2}% 35
\BOOKMARK [1][-]{section.2.4}{\376\377\000R\000a\000n\000c\000a\000n\000g\000a\000n\000\040\000P\000e\000n\000e\000l\000i\000t\000i\000a\000n}{chapter.2}% 36
\BOOKMARK [2][-]{subsection.2.4.1}{\376\377\000S\000u\000b\000j\000e\000k\000\040\000d\000a\000n\000\040\000L\000o\000k\000a\000s\000i\000\040\000P\000e\000n\000e\000l\000i\000t\000i\000a\000n}{section.2.4}% 37
\BOOKMARK [2][-]{subsection.2.4.2}{\376\377\000T\000e\000k\000n\000i\000k\000\040\000P\000e\000n\000g\000u\000m\000p\000u\000l\000a\000n\000\040\000D\000a\000t\000a}{section.2.4}% 38
\BOOKMARK [2][-]{subsection.2.4.3}{\376\377\000T\000e\000k\000n\000i\000k\000\040\000P\000e\000n\000g\000e\000m\000b\000a\000n\000g\000a\000n\000\040\000S\000i\000s\000t\000e\000m}{section.2.4}% 39
\BOOKMARK [2][-]{subsection.2.4.4}{\376\377\000A\000r\000s\000i\000t\000e\000k\000t\000u\000r\000\040\000S\000i\000s\000t\000e\000m}{section.2.4}% 40
\BOOKMARK [2][-]{subsection.2.4.5}{\376\377\000A\000n\000a\000l\000i\000s\000i\000s\000\040\000K\000o\000m\000p\000l\000e\000k\000s\000i\000t\000a\000s\000\040\000K\000o\000m\000p\000u\000t\000a\000s\000i\000o\000n\000a\000l\000\040\000P\000i\000p\000e\000l\000i\000n\000e\000\040\000R\000A\000G}{section.2.4}% 41
\BOOKMARK [2][-]{subsection.2.4.6}{\376\377\000D\000e\000t\000a\000i\000l\000\040\000P\000i\000p\000e\000l\000i\000n\000e\000\040\000R\000A\000G\000\040\000\050\0008\000\040\000T\000a\000h\000a\000p\000\051}{section.2.4}% 42
\BOOKMARK [2][-]{subsection.2.4.7}{\376\377\000A\000l\000u\000r\000\040\000P\000a\000r\000a\000l\000e\000l\000:\000\040\000A\000d\000a\000p\000t\000i\000v\000e\000\040\000P\000r\000o\000f\000i\000l\000e\000\040\000S\000y\000s\000t\000e\000m\000\040\000\050\000S\000l\000o\000w\000\040\000P\000a\000t\000h\000\051}{section.2.4}% 43
\BOOKMARK [2][-]{subsection.2.4.8}{\376\377\000T\000e\000k\000n\000i\000k\000\040\000A\000n\000a\000l\000i\000s\000i\000s\000\040\000D\000a\000t\000a}{section.2.4}% 44
\BOOKMARK [1][-]{section.2.5}{\376\377\000S\000k\000e\000m\000a\000\040\000D\000a\000t\000a\000b\000a\000s\000e\000\040\000d\000a\000n\000\040\000M\000a\000n\000a\000j\000e\000m\000e\000n\000\040\000I\000n\000f\000r\000a\000s\000t\000r\000u\000k\000t\000u\000r}{chapter.2}% 45
\BOOKMARK [2][-]{subsection.2.5.1}{\376\377\000S\000k\000e\000m\000a\000\040\000D\000a\000t\000a\000b\000a\000s\000e\000\040\000P\000o\000s\000t\000g\000r\000e\000S\000Q\000L}{section.2.5}% 46
\BOOKMARK [2][-]{subsection.2.5.2}{\376\377\000S\000t\000r\000a\000t\000e\000g\000i\000\040\000D\000e\000p\000l\000o\000y\000m\000e\000n\000t\000:\000\040\000N\000a\000t\000i\000v\000e\000\040\000V\000P\000S\000\040\000U\000b\000u\000n\000t\000u\000\040\000d\000e\000n\000g\000a\000n\000\040\000s\000y\000s\000t\000e\000m\000d}{section.2.5}% 47
\BOOKMARK [0][-]{chapter.3}{\376\377\000H\000A\000S\000I\000L\000\040\000D\000A\000N\000\040\000P\000E\000M\000B\000A\000H\000A\000S\000A\000N}{}% 48
\BOOKMARK [1][-]{section.3.1}{\376\377\000H\000a\000s\000i\000l\000\040\000P\000e\000r\000a\000n\000c\000a\000n\000g\000a\000n\000\040\000d\000a\000n\000\040\000P\000e\000n\000g\000e\000m\000b\000a\000n\000g\000a\000n\000\040\000A\000r\000t\000e\000f\000a\000k}{chapter.3}% 49
\BOOKMARK [2][-]{subsection.3.1.1}{\376\377\000P\000e\000n\000g\000u\000m\000p\000u\000l\000a\000n\000\040\000D\000a\000t\000a\000\040\000K\000e\000b\000u\000t\000u\000h\000a\000n\000\040\000A\000w\000a\000l}{section.3.1}% 50
\BOOKMARK [2][-]{subsection.3.1.2}{\376\377\000P\000e\000n\000g\000u\000m\000p\000u\000l\000a\000n\000\040\000d\000a\000n\000\040\000P\000e\000r\000s\000i\000a\000p\000a\000n\000\040\000D\000a\000t\000a\000\040\000L\000o\000w\000o\000n\000g\000a\000n}{section.3.1}% 51
\BOOKMARK [2][-]{subsection.3.1.3}{\376\377\000I\000m\000p\000l\000e\000m\000e\000n\000t\000a\000s\000i\000\040\000S\000i\000s\000t\000e\000m}{section.3.1}% 52
\BOOKMARK [1][-]{section.3.2}{\376\377\000T\000a\000m\000p\000i\000l\000a\000n\000\040\000A\000n\000t\000a\000r\000m\000u\000k\000a\000\040\000S\000i\000s\000t\000e\000m}{chapter.3}% 53
\BOOKMARK [2][-]{subsection.3.2.1}{\376\377\000H\000a\000l\000a\000m\000a\000n\000\040\000U\000t\000a\000m\000a\000\040\000d\000a\000n\000\040\000A\000u\000t\000e\000n\000t\000i\000k\000a\000s\000i}{section.3.2}% 54
\BOOKMARK [2][-]{subsection.3.2.2}{\376\377\000I\000n\000p\000u\000t\000\040\000N\000a\000r\000a\000s\000i\000\040\000K\000a\000r\000i\000e\000r}{section.3.2}% 55
\BOOKMARK [2][-]{subsection.3.2.3}{\376\377\000R\000e\000s\000p\000o\000n\000s\000\040\000R\000e\000k\000o\000m\000e\000n\000d\000a\000s\000i\000\040\000R\000A\000G\000\040\000\050\000S\000t\000r\000e\000a\000m\000i\000n\000g\000\051}{section.3.2}% 56
\BOOKMARK [2][-]{subsection.3.2.4}{\376\377\000D\000e\000t\000a\000i\000l\000\040\000S\000k\000o\000r\000\040\000R\000A\000G\000\040\000d\000a\000n\000\040\000S\000k\000i\000l\000l\000\040\000O\000v\000e\000r\000l\000a\000p}{section.3.2}% 57
\BOOKMARK [2][-]{subsection.3.2.5}{\376\377\000R\000i\000w\000a\000y\000a\000t\000\040\000R\000e\000k\000o\000m\000e\000n\000d\000a\000s\000i}{section.3.2}% 58
\BOOKMARK [2][-]{subsection.3.2.6}{\376\377\000B\000u\000k\000t\000i\000\040\000S\000i\000s\000t\000e\000m\000\040\000A\000d\000a\000p\000t\000i\000f\000\040\000\050\000P\000r\000o\000f\000i\000l\000\040\000A\000k\000u\000m\000u\000l\000a\000t\000i\000f\000\051}{section.3.2}% 59
\BOOKMARK [2][-]{subsection.3.2.7}{\376\377\000H\000e\000a\000l\000t\000h\000\040\000C\000h\000e\000c\000k\000\040\000d\000a\000n\000\040\000S\000t\000a\000t\000u\000s\000\040\000S\000i\000s\000t\000e\000m}{section.3.2}% 60
\BOOKMARK [1][-]{section.3.3}{\376\377\000D\000e\000m\000o\000n\000s\000t\000r\000a\000s\000i\000:\000\040\000P\000e\000n\000g\000u\000j\000i\000a\000n\000\040\000F\000u\000n\000g\000s\000i\000o\000n\000a\000l\000\040\000B\000l\000a\000c\000k\000-\000B\000o\000x}{chapter.3}% 61
\BOOKMARK [1][-]{section.3.4}{\376\377\000E\000v\000a\000l\000u\000a\000s\000i\000\040\000T\000e\000k\000n\000i\000s\000:\000\040\000K\000u\000a\000l\000i\000t\000a\000s\000\040\000R\000e\000t\000r\000i\000e\000v\000a\000l\000\040\000R\000A\000G}{chapter.3}% 62
\BOOKMARK [2][-]{subsection.3.4.1}{\376\377\000M\000e\000t\000o\000d\000o\000l\000o\000g\000i\000\040\000E\000v\000a\000l\000u\000a\000s\000i\000\040\000d\000a\000n\000\040\000G\000r\000o\000u\000n\000d\000\040\000T\000r\000u\000t\000h}{section.3.4}% 63
\BOOKMARK [2][-]{subsection.3.4.2}{\376\377\000H\000a\000s\000i\000l\000\040\000E\000v\000a\000l\000u\000a\000s\000i\000\040\000R\000e\000t\000r\000i\000e\000v\000a\000l}{section.3.4}% 64
\BOOKMARK [2][-]{subsection.3.4.3}{\376\377\000A\000n\000a\000l\000i\000s\000i\000s\000\040\000H\000a\000s\000i\000l}{section.3.4}% 65
\BOOKMARK [1][-]{section.3.5}{\376\377\000E\000v\000a\000l\000u\000a\000s\000i\000\040\000K\000i\000n\000e\000r\000j\000a\000\040\000S\000i\000s\000t\000e\000m\000\040\000\050\000L\000a\000t\000e\000n\000c\000y\000\051}{chapter.3}% 66
\BOOKMARK [1][-]{section.3.6}{\376\377\000E\000v\000a\000l\000u\000a\000s\000i\000\040\000P\000e\000n\000e\000r\000i\000m\000a\000a\000n\000\040\000P\000e\000n\000g\000g\000u\000n\000a\000\040\000\050\000U\000A\000T\000\051}{chapter.3}% 67
\BOOKMARK [2][-]{subsection.3.6.1}{\376\377\000I\000n\000s\000t\000r\000u\000m\000e\000n\000\040\000d\000a\000n\000\040\000P\000r\000o\000s\000e\000d\000u\000r}{section.3.6}% 68
\BOOKMARK [2][-]{subsection.3.6.2}{\376\377\000T\000e\000m\000p\000l\000a\000t\000e\000\040\000P\000e\000n\000g\000o\000l\000a\000h\000a\000n\000\040\000D\000a\000t\000a}{section.3.6}% 69
\BOOKMARK [1][-]{section.3.7}{\376\377\000P\000e\000m\000b\000a\000h\000a\000s\000a\000n}{chapter.3}% 70
\BOOKMARK [2][-]{subsection.3.7.1}{\376\377\000S\000i\000n\000t\000e\000s\000i\000s\000\040\000E\000v\000a\000l\000u\000a\000s\000i\000\040\000t\000e\000r\000h\000a\000d\000a\000p\000\040\000A\000r\000t\000e\000f\000a\000k\000\040\000D\000S\000R}{section.3.7}% 71
\BOOKMARK [2][-]{subsection.3.7.2}{\376\377\000K\000o\000n\000t\000r\000i\000b\000u\000s\000i\000\040\000T\000e\000k\000n\000i\000s\000\040\000U\000t\000a\000m\000a}{section.3.7}% 72
\BOOKMARK [2][-]{subsection.3.7.3}{\376\377\000A\000n\000a\000l\000i\000s\000i\000s\000\040\000K\000e\000p\000u\000t\000u\000s\000a\000n\000\040\000D\000e\000s\000a\000i\000n}{section.3.7}% 73
\BOOKMARK [2][-]{subsection.3.7.4}{\376\377\000K\000e\000t\000e\000r\000b\000a\000t\000a\000s\000a\000n\000\040\000P\000e\000n\000e\000l\000i\000t\000i\000a\000n\000\040\000d\000a\000n\000\040\000F\000u\000t\000u\000r\000e\000\040\000W\000o\000r\000k}{section.3.7}% 74
\BOOKMARK [1][-]{section.3.8}{\376\377\000P\000e\000r\000b\000a\000n\000d\000i\000n\000g\000a\000n\000\040\000d\000e\000n\000g\000a\000n\000\040\000S\000i\000s\000t\000e\000m\000\040\000R\000e\000k\000o\000m\000e\000n\000d\000a\000s\000i\000\040\000K\000a\000r\000i\000e\000r\000\040\000S\000e\000j\000e\000n\000i\000s}{chapter.3}% 75
